{
  "execution": {
    "device": "cpu",
    "model": "RESULTS\\all-new-data-v1.yolov8_yolov8s-seg_trained\\weights\\best.pt",
    "model_load_seconds": 3.518462600011844,
    "sahi_inference_seconds": 143.42854220001027,
    "parameters": {
      "confidence_threshold_model": 0.7,
      "confidence_threshold_post": 0.5,
      "slice_size": 640,
      "overlap_ratio": 0.25
    }
  },
  "counts": {
    "raw_sahi": 86,
    "saved_notebook_raw_sahi": 86,
    "after_two_stage_cleaner": 86,
    "discarded_by_cleaner": 0,
    "geometry_valid_without_cnn_filter": 86,
    "geometry_errors": 0,
    "cnn_stage": "NOT VERIFIED: local TensorFlow import fails"
  },
  "raw_detection_scores": {
    "count": 86,
    "min": 0.7001262903213501,
    "q1": 0.7367488294839859,
    "median": 0.7839659750461578,
    "mean": 0.7893704314564549,
    "q3": 0.8309946358203888,
    "max": 0.9468578696250916,
    "population_std": 0.06445050456052599
  },
  "raw_bbox_area_px2": {
    "count": 86,
    "min": 693.0,
    "q1": 1302.0,
    "median": 2110.5,
    "mean": 38431.01162790698,
    "q3": 54338.25,
    "max": 449785.0,
    "population_std": 71298.47460377708
  },
  "clean_mask_area_px": {
    "count": 86,
    "min": 397.0,
    "q1": 727.75,
    "median": 1218.5,
    "mean": 16879.75581395349,
    "q3": 29901.0,
    "max": 115255.0,
    "population_std": 26266.869754872634
  },
  "all_cleaned_geometry_without_cnn": {
    "length_mm": {
      "count": 86,
      "min": 0.3901218832281663,
      "q1": 0.5747097466587272,
      "median": 0.7390169760991263,
      "mean": 2.0848603694666044,
      "q3": 3.5119981244921465,
      "max": 14.600415145906151,
      "population_std": 2.417320372014608
    },
    "width_mm": {
      "count": 86,
      "min": 0.1565649335460329,
      "q1": 0.22641401145773457,
      "median": 0.31044193862135805,
      "mean": 0.7460654464889699,
      "q3": 1.4667122138265438,
      "max": 3.4899181024638364,
      "population_std": 0.7414316342557903
    },
    "thickness_mm": {
      "count": 86,
      "min": 0.12525194683682633,
      "q1": 0.18113120916618766,
      "median": 0.24835355089708638,
      "mean": 0.596852357191176,
      "q3": 1.173369771061235,
      "max": 2.791934481971069,
      "population_std": 0.5931453074046321
    },
    "area_mm2": {
      "count": 86,
      "min": 0.05382241129368955,
      "q1": 0.09588589476133375,
      "median": 0.15865594041983716,
      "mean": 2.158894875363855,
      "q3": 3.826545569828237,
      "max": 14.703274659358197,
      "population_std": 3.3542583816591285
    },
    "volume_mm3": {
      "count": 86,
      "min": 0.004592645354864718,
      "q1": 0.011847827083581428,
      "median": 0.028232362928184124,
      "mean": 2.2835117313862003,
      "q3": 3.325524293690787,
      "max": 28.829879312188524,
      "population_std": 4.421139421468805
    }
  },
  "reconstructed_saved_cnn_whole_selection": {
    "method": "Match the 20 rounded volumes printed by notebook Cell 11 plus inferred 21st candidate volume 6.441 against deterministic current results.",
    "target_count": 21,
    "matched_count": 21,
    "unmatched_targets": [],
    "grain_ids": [
      0,
      1,
      2,
      3,
      5,
      9,
      13,
      14,
      16,
      17,
      18,
      25,
      26,
      27,
      33,
      34,
      37,
      40,
      41,
      64,
      76
    ],
    "volume_mm3": {
      "count": 21,
      "min": 2.9853485196086846,
      "q1": 3.3942743253273266,
      "median": 6.4409881228815555,
      "mean": 6.618097055225826,
      "q3": 8.892878128729203,
      "max": 14.897196481952323,
      "population_std": 3.062900623696428
    },
    "length_mm": {
      "count": 21,
      "min": 3.3211417307416933,
      "q1": 3.8742703073118117,
      "median": 4.99957413634527,
      "mean": 5.019144398466525,
      "q3": 5.929022102608311,
      "max": 6.999050517401277,
      "population_std": 1.1481655826840298
    },
    "width_mm": {
      "count": 21,
      "min": 1.3999938853870273,
      "q1": 1.5160518159958867,
      "median": 1.7275691606403054,
      "mean": 1.7249399588518286,
      "q3": 1.8071302374285574,
      "max": 2.667113280419194,
      "population_std": 0.27905849908227554
    },
    "area_mm2": {
      "count": 21,
      "min": 3.770831474800599,
      "q1": 4.23641730809483,
      "median": 6.3974981874260255,
      "mean": 6.3473349828528,
      "q3": 7.600775344083909,
      "max": 9.230628667585245,
      "population_std": 1.940322934551865
    },
    "area_iqr_q1": 4.23641730809483,
    "area_iqr_q3": 7.600775344083909,
    "area_iqr_lower_k_1_5": -0.8101197458887892,
    "physical_count_from_exact_matched_mean_phi_0_55": 802,
    "records": [
      {
        "length_mm": 3.636253501057593,
        "width_mm": 1.3999938853870273,
        "thickness_mm": 1.1199951083096218,
        "area_mm2": 3.770831474800599,
        "volume_mm3": 2.9853485196086846,
        "a_px": 161.5196075439453,
        "b_px": 62.18666076660156,
        "c_px": 49.74932861328125,
        "area_px2": 29760.4375,
        "vol_px3": 2093140.21273099,
        "k_factor": 0.8,
        "grain_id": 25,
        "score": 0.8222653269767761
      },
      {
        "length_mm": 3.581733481981571,
        "width_mm": 1.454374264565661,
        "thickness_mm": 1.1634994116525288,
        "area_mm2": 3.8501178695438374,
        "volume_mm3": 3.1734688376968645,
        "a_px": 159.09786987304688,
        "b_px": 64.6021957397461,
        "c_px": 51.681756591796876,
        "area_px2": 30386.1875,
        "vol_px3": 2225038.4484095927,
        "k_factor": 0.8,
        "grain_id": 0,
        "score": 0.9468578696250916
      },
      {
        "length_mm": 3.3211417307416933,
        "width_mm": 1.54134553089023,
        "thickness_mm": 1.2330764247121841,
        "area_mm2": 3.9193588396234924,
        "volume_mm3": 3.30503477947914,
        "a_px": 147.5225830078125,
        "b_px": 68.46539306640625,
        "c_px": 54.772314453125006,
        "area_px2": 30932.65625,
        "vol_px3": 2317284.282208054,
        "k_factor": 0.8,
        "grain_id": 3,
        "score": 0.9175212979316711
      },
      {
        "length_mm": 3.7549247416772324,
        "width_mm": 1.4555618048492318,
        "thickness_mm": 1.1644494438793855,
        "area_mm2": 3.787200329967826,
        "volume_mm3": 3.332354131761336,
        "a_px": 166.7908935546875,
        "b_px": 64.65494537353516,
        "c_px": 51.72395629882813,
        "area_px2": 29889.625,
        "vol_px3": 2336438.908367121,
        "k_factor": 0.8,
        "grain_id": 40,
        "score": 0.7910283207893372
      },
      {
        "length_mm": 3.8742703073118117,
        "width_mm": 1.446135854137331,
        "thickness_mm": 1.1569086833098647,
        "area_mm2": 4.23641730809483,
        "volume_mm3": 3.3938818154962993,
        "a_px": 172.09213256835938,
        "b_px": 64.23625183105469,
        "c_px": 51.38900146484375,
        "area_px2": 33434.96875,
        "vol_px3": 2379578.2832762613,
        "k_factor": 0.8,
        "grain_id": 41,
        "score": 0.787108838558197
      },
      {
        "length_mm": 3.525577288658905,
        "width_mm": 1.5160518159958867,
        "thickness_mm": 1.2128414527967095,
        "area_mm2": 3.8469106192570806,
        "volume_mm3": 3.3942743253273266,
        "a_px": 156.60345458984375,
        "b_px": 67.34186553955078,
        "c_px": 53.87349243164063,
        "area_px2": 30360.875,
        "vol_px3": 2379853.4866924854,
        "k_factor": 0.8,
        "grain_id": 76,
        "score": 0.7124149799346924
      },
      {
        "length_mm": 4.202113182762053,
        "width_mm": 1.587709411998991,
        "thickness_mm": 1.2701675295991928,
        "area_mm2": 4.73125643165889,
        "volume_mm3": 4.437091592743008,
        "a_px": 186.6546630859375,
        "b_px": 70.52484130859375,
        "c_px": 56.419873046875004,
        "area_px2": 37340.375,
        "vol_px3": 3111011.923511823,
        "k_factor": 0.8,
        "grain_id": 5,
        "score": 0.9058680534362793
      },
      {
        "length_mm": 4.891401480089673,
        "width_mm": 1.503332905735733,
        "thickness_mm": 1.2026663245885865,
        "area_mm2": 5.1091932620547835,
        "volume_mm3": 4.630546472744581,
        "a_px": 217.27232360839844,
        "b_px": 66.77690124511719,
        "c_px": 53.421520996093754,
        "area_px2": 40323.15625,
        "vol_px3": 3246650.421335661,
        "k_factor": 0.8,
        "grain_id": 26,
        "score": 0.8212286233901978
      },
      {
        "length_mm": 5.218435371632535,
        "width_mm": 1.6188178490165634,
        "thickness_mm": 1.295054279213251,
        "area_mm2": 6.3974981874260255,
        "volume_mm3": 5.728288557865309,
        "a_px": 231.79891967773438,
        "b_px": 71.90665435791016,
        "c_px": 57.525323486328126,
        "area_px2": 50490.8125,
        "vol_px3": 4016318.7151650675,
        "k_factor": 0.8,
        "grain_id": 64,
        "score": 0.7363428473472595
      },
      {
        "length_mm": 4.53241907928062,
        "width_mm": 1.799175744282371,
        "thickness_mm": 1.4393405954258969,
        "area_mm2": 6.048739415503111,
        "volume_mm3": 6.145621983513764,
        "a_px": 201.32659912109375,
        "b_px": 79.91801452636719,
        "c_px": 63.93441162109375,
        "area_px2": 47738.3125,
        "vol_px3": 4308926.887914044,
        "k_factor": 0.8,
        "grain_id": 37,
        "score": 0.7947781085968018
      },
      {
        "length_mm": 4.708526116218673,
        "width_mm": 1.8071302374285574,
        "thickness_mm": 1.445704189942846,
        "area_mm2": 6.373911039329468,
        "volume_mm3": 6.4409881228815555,
        "a_px": 209.14913940429688,
        "b_px": 80.27134704589844,
        "c_px": 64.21707763671876,
        "area_px2": 50304.65625,
        "vol_px3": 4516019.205520857,
        "k_factor": 0.8,
        "grain_id": 17,
        "score": 0.8384060263633728
      },
      {
        "length_mm": 6.402185282195279,
        "width_mm": 1.5850854529431462,
        "thickness_mm": 1.2680683623545168,
        "area_mm2": 7.4699908046128165,
        "volume_mm3": 6.7378635000141385,
        "a_px": 284.38018798828125,
        "b_px": 70.40828704833984,
        "c_px": 56.326629638671875,
        "area_px2": 58955.21875,
        "vol_px3": 4724169.706530816,
        "k_factor": 0.8,
        "grain_id": 27,
        "score": 0.8184011578559875
      },
      {
        "length_mm": 5.465402184987752,
        "width_mm": 1.7276029971222064,
        "thickness_mm": 1.3820823976977652,
        "area_mm2": 6.876043687619709,
        "volume_mm3": 6.832798806582387,
        "a_px": 242.7689971923828,
        "b_px": 76.73880767822266,
        "c_px": 61.391046142578126,
        "area_px2": 54267.625,
        "vol_px3": 4790732.423239012,
        "k_factor": 0.8,
        "grain_id": 2,
        "score": 0.9235590100288391
      },
      {
        "length_mm": 5.929022102608311,
        "width_mm": 1.7275691606403054,
        "thickness_mm": 1.3820553285122443,
        "area_mm2": 7.456239224062314,
        "volume_mm3": 7.412122087067335,
        "a_px": 263.3626403808594,
        "b_px": 76.7373046875,
        "c_px": 61.389843750000004,
        "area_px2": 58846.6875,
        "vol_px3": 5196917.780355449,
        "k_factor": 0.8,
        "grain_id": 13,
        "score": 0.8547452092170715
      },
      {
        "length_mm": 5.242438319209691,
        "width_mm": 1.921740928461286,
        "thickness_mm": 1.5373927427690288,
        "area_mm2": 7.259092320633137,
        "volume_mm3": 8.109827525913396,
        "a_px": 232.8651123046875,
        "b_px": 85.36226654052734,
        "c_px": 68.28981323242188,
        "area_px2": 57290.75,
        "vol_px3": 5686105.324488902,
        "k_factor": 0.8,
        "grain_id": 33,
        "score": 0.8017876744270325
      },
      {
        "length_mm": 6.568489701391944,
        "width_mm": 1.7978112924436833,
        "thickness_mm": 1.4382490339549467,
        "area_mm2": 8.963294457263407,
        "volume_mm3": 8.892878128729203,
        "a_px": 291.7673034667969,
        "b_px": 79.85740661621094,
        "c_px": 63.88592529296875,
        "area_px2": 70740.78125,
        "vol_px3": 6235131.575391041,
        "k_factor": 0.8,
        "grain_id": 18,
        "score": 0.8345478773117065
      },
      {
        "length_mm": 5.269782662314268,
        "width_mm": 2.015013853082634,
        "thickness_mm": 1.6120110824661074,
        "area_mm2": 8.170569094719959,
        "volume_mm3": 8.962669583259554,
        "a_px": 234.07972717285156,
        "b_px": 89.50537872314453,
        "c_px": 71.60430297851563,
        "area_px2": 64484.375,
        "vol_px3": 6284064.991045175,
        "k_factor": 0.8,
        "grain_id": 16,
        "score": 0.8397485613822937
      },
      {
        "length_mm": 6.999050517401277,
        "width_mm": 1.77944993412805,
        "thickness_mm": 1.4235599473024403,
        "area_mm2": 9.161229314775381,
        "volume_mm3": 9.283233711037791,
        "a_px": 310.8924865722656,
        "b_px": 79.04180908203125,
        "c_px": 63.233447265625,
        "area_px2": 72302.9375,
        "vol_px3": 6508824.566754485,
        "k_factor": 0.8,
        "grain_id": 1,
        "score": 0.924126923084259
      },
      {
        "length_mm": 6.632894438911632,
        "width_mm": 1.8669845692883311,
        "thickness_mm": 1.4935876554306649,
        "area_mm2": 9.034736947292984,
        "volume_mm3": 9.684409653618252,
        "a_px": 294.62811279296875,
        "b_px": 82.9300308227539,
        "c_px": 66.34402465820312,
        "area_px2": 71304.625,
        "vol_px3": 6790104.119972441,
        "k_factor": 0.8,
        "grain_id": 14,
        "score": 0.8521671295166016
      },
      {
        "length_mm": 6.64639674101925,
        "width_mm": 2.005738363071978,
        "thickness_mm": 1.6045906904575826,
        "area_mm2": 9.230628667585245,
        "volume_mm3": 11.200139542450083,
        "a_px": 295.2278747558594,
        "b_px": 89.09336853027344,
        "c_px": 71.27469482421876,
        "area_px2": 72850.65625,
        "vol_px3": 7852839.395640706,
        "k_factor": 0.8,
        "grain_id": 34,
        "score": 0.8016138076782227
      },
      {
        "length_mm": 4.99957413634527,
        "width_mm": 2.667113280419194,
        "thickness_mm": 2.1336906243353555,
        "area_mm2": 7.600775344083909,
        "volume_mm3": 14.897196481952323,
        "a_px": 222.0772705078125,
        "b_px": 118.47113800048828,
        "c_px": 94.77691040039063,
        "area_px2": 59987.40625,
        "vol_px3": 10444985.169576222,
        "k_factor": 0.8,
        "grain_id": 9,
        "score": 0.8842149376869202
      }
    ]
  },
  "all_geometry_records": [
    {
      "length_mm": 3.581733481981571,
      "width_mm": 1.454374264565661,
      "thickness_mm": 1.1634994116525288,
      "area_mm2": 3.8501178695438374,
      "volume_mm3": 3.1734688376968645,
      "a_px": 159.09786987304688,
      "b_px": 64.6021957397461,
      "c_px": 51.681756591796876,
      "area_px2": 30386.1875,
      "vol_px3": 2225038.4484095927,
      "k_factor": 0.8,
      "grain_id": 0,
      "score": 0.9468578696250916
    },
    {
      "length_mm": 6.999050517401277,
      "width_mm": 1.77944993412805,
      "thickness_mm": 1.4235599473024403,
      "area_mm2": 9.161229314775381,
      "volume_mm3": 9.283233711037791,
      "a_px": 310.8924865722656,
      "b_px": 79.04180908203125,
      "c_px": 63.233447265625,
      "area_px2": 72302.9375,
      "vol_px3": 6508824.566754485,
      "k_factor": 0.8,
      "grain_id": 1,
      "score": 0.924126923084259
    },
    {
      "length_mm": 5.465402184987752,
      "width_mm": 1.7276029971222064,
      "thickness_mm": 1.3820823976977652,
      "area_mm2": 6.876043687619709,
      "volume_mm3": 6.832798806582387,
      "a_px": 242.7689971923828,
      "b_px": 76.73880767822266,
      "c_px": 61.391046142578126,
      "area_px2": 54267.625,
      "vol_px3": 4790732.423239012,
      "k_factor": 0.8,
      "grain_id": 2,
      "score": 0.9235590100288391
    },
    {
      "length_mm": 3.3211417307416933,
      "width_mm": 1.54134553089023,
      "thickness_mm": 1.2330764247121841,
      "area_mm2": 3.9193588396234924,
      "volume_mm3": 3.30503477947914,
      "a_px": 147.5225830078125,
      "b_px": 68.46539306640625,
      "c_px": 54.772314453125006,
      "area_px2": 30932.65625,
      "vol_px3": 2317284.282208054,
      "k_factor": 0.8,
      "grain_id": 3,
      "score": 0.9175212979316711
    },
    {
      "length_mm": 0.6292839341635795,
      "width_mm": 0.36741111997822695,
      "thickness_mm": 0.2939288959825816,
      "area_mm2": 0.16764020079101216,
      "volume_mm3": 0.03558277761216155,
      "a_px": 27.952312469482422,
      "b_px": 16.32012176513672,
      "c_px": 13.056097412109375,
      "area_px2": 1323.0625,
      "vol_px3": 24948.424685249825,
      "k_factor": 0.8,
      "grain_id": 4,
      "score": 0.9116445779800415
    },
    {
      "length_mm": 4.202113182762053,
      "width_mm": 1.587709411998991,
      "thickness_mm": 1.2701675295991928,
      "area_mm2": 4.73125643165889,
      "volume_mm3": 4.437091592743008,
      "a_px": 186.6546630859375,
      "b_px": 70.52484130859375,
      "c_px": 56.419873046875004,
      "area_px2": 37340.375,
      "vol_px3": 3111011.923511823,
      "k_factor": 0.8,
      "grain_id": 5,
      "score": 0.9058680534362793
    },
    {
      "length_mm": 0.9677621998551929,
      "width_mm": 0.2639795645806676,
      "thickness_mm": 0.21118365166453412,
      "area_mm2": 0.19068884760485508,
      "volume_mm3": 0.028248661887340827,
      "a_px": 42.98725891113281,
      "b_px": 11.725770950317383,
      "c_px": 9.380616760253906,
      "area_px2": 1504.96875,
      "vol_px3": 19806.20010154957,
      "k_factor": 0.8,
      "grain_id": 6,
      "score": 0.8978186845779419
    },
    {
      "length_mm": 0.8202554063042545,
      "width_mm": 0.28312130896491583,
      "thickness_mm": 0.22649704717193267,
      "area_mm2": 0.17661258245742137,
      "volume_mm3": 0.027541197896912513,
      "a_px": 36.43511962890625,
      "b_px": 12.576032638549805,
      "c_px": 10.060826110839844,
      "area_px2": 1393.875,
      "vol_px3": 19310.170469599347,
      "k_factor": 0.8,
      "grain_id": 7,
      "score": 0.8947301506996155
    },
    {
      "length_mm": 0.5094528064257812,
      "width_mm": 0.23143430086369157,
      "thickness_mm": 0.18514744069095326,
      "area_mm2": 0.08739955009825714,
      "volume_mm3": 0.011430047115058774,
      "a_px": 22.629505157470703,
      "b_px": 10.280135154724121,
      "c_px": 8.224108123779297,
      "area_px2": 689.78125,
      "vol_px3": 8014.036248295517,
      "k_factor": 0.8,
      "grain_id": 8,
      "score": 0.8916251063346863
    },
    {
      "length_mm": 4.99957413634527,
      "width_mm": 2.667113280419194,
      "thickness_mm": 2.1336906243353555,
      "area_mm2": 7.600775344083909,
      "volume_mm3": 14.897196481952323,
      "a_px": 222.0772705078125,
      "b_px": 118.47113800048828,
      "c_px": 94.77691040039063,
      "area_px2": 59987.40625,
      "vol_px3": 10444985.169576222,
      "k_factor": 0.8,
      "grain_id": 9,
      "score": 0.8842149376869202
    },
    {
      "length_mm": 0.5879193503159922,
      "width_mm": 0.24481312987015924,
      "thickness_mm": 0.1958505038961274,
      "area_mm2": 0.10993345303891684,
      "volume_mm3": 0.01475964039050359,
      "a_px": 26.11492919921875,
      "b_px": 10.874412536621094,
      "c_px": 8.699530029296875,
      "area_px2": 867.625,
      "vol_px3": 10348.539416383162,
      "k_factor": 0.8,
      "grain_id": 10,
      "score": 0.8812588453292847
    },
    {
      "length_mm": 0.5731861388299812,
      "width_mm": 0.28193039791506425,
      "thickness_mm": 0.22554431833205144,
      "area_mm2": 0.10410100899892533,
      "volume_mm3": 0.01908394241235366,
      "a_px": 25.460491180419922,
      "b_px": 12.523133277893066,
      "c_px": 10.018506622314455,
      "area_px2": 821.59375,
      "vol_px3": 13380.470326451496,
      "k_factor": 0.8,
      "grain_id": 11,
      "score": 0.87960284948349
    },
    {
      "length_mm": 0.658583235831593,
      "width_mm": 0.20293964619357494,
      "thickness_mm": 0.16235171695485998,
      "area_mm2": 0.09594825796135402,
      "volume_mm3": 0.01136143213538509,
      "a_px": 29.253765106201172,
      "b_px": 9.014424324035645,
      "c_px": 7.211539459228516,
      "area_px2": 757.25,
      "vol_px3": 7965.92770344477,
      "k_factor": 0.8,
      "grain_id": 12,
      "score": 0.8725884556770325
    },
    {
      "length_mm": 5.929022102608311,
      "width_mm": 1.7275691606403054,
      "thickness_mm": 1.3820553285122443,
      "area_mm2": 7.456239224062314,
      "volume_mm3": 7.412122087067335,
      "a_px": 263.3626403808594,
      "b_px": 76.7373046875,
      "c_px": 61.389843750000004,
      "area_px2": 58846.6875,
      "vol_px3": 5196917.780355449,
      "k_factor": 0.8,
      "grain_id": 13,
      "score": 0.8547452092170715
    },
    {
      "length_mm": 6.632894438911632,
      "width_mm": 1.8669845692883311,
      "thickness_mm": 1.4935876554306649,
      "area_mm2": 9.034736947292984,
      "volume_mm3": 9.684409653618252,
      "a_px": 294.62811279296875,
      "b_px": 82.9300308227539,
      "c_px": 66.34402465820312,
      "area_px2": 71304.625,
      "vol_px3": 6790104.119972441,
      "k_factor": 0.8,
      "grain_id": 14,
      "score": 0.8521671295166016
    },
    {
      "length_mm": 5.650979658164673,
      "width_mm": 3.4899181024638364,
      "thickness_mm": 2.791934481971069,
      "area_mm2": 14.703274659358197,
      "volume_mm3": 28.829879312188524,
      "a_px": 251.01220703125,
      "b_px": 155.01950073242188,
      "c_px": 124.0156005859375,
      "area_px2": 116042.28125,
      "vol_px3": 20213713.514572494,
      "k_factor": 0.8,
      "grain_id": 15,
      "score": 0.8474903106689453
    },
    {
      "length_mm": 5.269782662314268,
      "width_mm": 2.015013853082634,
      "thickness_mm": 1.6120110824661074,
      "area_mm2": 8.170569094719959,
      "volume_mm3": 8.962669583259554,
      "a_px": 234.07972717285156,
      "b_px": 89.50537872314453,
      "c_px": 71.60430297851563,
      "area_px2": 64484.375,
      "vol_px3": 6284064.991045175,
      "k_factor": 0.8,
      "grain_id": 16,
      "score": 0.8397485613822937
    },
    {
      "length_mm": 4.708526116218673,
      "width_mm": 1.8071302374285574,
      "thickness_mm": 1.445704189942846,
      "area_mm2": 6.373911039329468,
      "volume_mm3": 6.4409881228815555,
      "a_px": 209.14913940429688,
      "b_px": 80.27134704589844,
      "c_px": 64.21707763671876,
      "area_px2": 50304.65625,
      "vol_px3": 4516019.205520857,
      "k_factor": 0.8,
      "grain_id": 17,
      "score": 0.8384060263633728
    },
    {
      "length_mm": 6.568489701391944,
      "width_mm": 1.7978112924436833,
      "thickness_mm": 1.4382490339549467,
      "area_mm2": 8.963294457263407,
      "volume_mm3": 8.892878128729203,
      "a_px": 291.7673034667969,
      "b_px": 79.85740661621094,
      "c_px": 63.88592529296875,
      "area_px2": 70740.78125,
      "vol_px3": 6235131.575391041,
      "k_factor": 0.8,
      "grain_id": 18,
      "score": 0.8345478773117065
    },
    {
      "length_mm": 0.5524192127617372,
      "width_mm": 0.16212621483766296,
      "thickness_mm": 0.12970097187013035,
      "area_mm2": 0.06682959301220424,
      "volume_mm3": 0.006082244447740845,
      "a_px": 24.538040161132812,
      "b_px": 7.2015228271484375,
      "c_px": 5.76121826171875,
      "area_px2": 527.4375,
      "vol_px3": 4264.49051211445,
      "k_factor": 0.8,
      "grain_id": 19,
      "score": 0.8342912197113037
    },
    {
      "length_mm": 0.3901218832281663,
      "width_mm": 0.21623886500024,
      "thickness_mm": 0.17299109200019203,
      "area_mm2": 0.060046852590951376,
      "volume_mm3": 0.007641109575707423,
      "a_px": 17.328916549682617,
      "b_px": 9.605165481567383,
      "c_px": 7.684132385253907,
      "area_px2": 473.90625,
      "vol_px3": 5357.469527508802,
      "k_factor": 0.8,
      "grain_id": 20,
      "score": 0.8326784372329712
    },
    {
      "length_mm": 0.4855308001790611,
      "width_mm": 0.2413276287167744,
      "thickness_mm": 0.19306210297341955,
      "area_mm2": 0.08997326946417329,
      "volume_mm3": 0.011844575087453475,
      "a_px": 21.56690788269043,
      "b_px": 10.719589233398438,
      "c_px": 8.575671386718751,
      "area_px2": 710.09375,
      "vol_px3": 8304.677412173738,
      "k_factor": 0.8,
      "grain_id": 21,
      "score": 0.8317810297012329
    },
    {
      "length_mm": 0.6786682794980758,
      "width_mm": 0.31504684549275985,
      "thickness_mm": 0.25203747639420787,
      "area_mm2": 0.15311650443073457,
      "volume_mm3": 0.028216063969027424,
      "a_px": 30.14592742919922,
      "b_px": 13.994140625,
      "c_px": 11.1953125,
      "area_px2": 1208.4375,
      "vol_px3": 19783.3444740659,
      "k_factor": 0.8,
      "grain_id": 22,
      "score": 0.8286354541778564
    },
    {
      "length_mm": 2.4685668161818772,
      "width_mm": 1.900734141240886,
      "thickness_mm": 1.520587312992709,
      "area_mm2": 3.294637958150538,
      "volume_mm3": 3.735736599445164,
      "a_px": 109.65185546875,
      "b_px": 84.42916107177734,
      "c_px": 67.54332885742188,
      "area_px2": 26002.1875,
      "vol_px3": 2619265.5393865216,
      "k_factor": 0.8,
      "grain_id": 23,
      "score": 0.8256105780601501
    },
    {
      "length_mm": 0.5671084110574581,
      "width_mm": 0.30009047639705416,
      "thickness_mm": 0.24007238111764334,
      "area_mm2": 0.12098856760759051,
      "volume_mm3": 0.021392380951051577,
      "a_px": 25.190523147583008,
      "b_px": 13.329790115356445,
      "c_px": 10.663832092285157,
      "area_px2": 954.875,
      "vol_px3": 14999.003473328406,
      "k_factor": 0.8,
      "grain_id": 24,
      "score": 0.8234182596206665
    },
    {
      "length_mm": 3.636253501057593,
      "width_mm": 1.3999938853870273,
      "thickness_mm": 1.1199951083096218,
      "area_mm2": 3.770831474800599,
      "volume_mm3": 2.9853485196086846,
      "a_px": 161.5196075439453,
      "b_px": 62.18666076660156,
      "c_px": 49.74932861328125,
      "area_px2": 29760.4375,
      "vol_px3": 2093140.21273099,
      "k_factor": 0.8,
      "grain_id": 25,
      "score": 0.8222653269767761
    },
    {
      "length_mm": 4.891401480089673,
      "width_mm": 1.503332905735733,
      "thickness_mm": 1.2026663245885865,
      "area_mm2": 5.1091932620547835,
      "volume_mm3": 4.630546472744581,
      "a_px": 217.27232360839844,
      "b_px": 66.77690124511719,
      "c_px": 53.421520996093754,
      "area_px2": 40323.15625,
      "vol_px3": 3246650.421335661,
      "k_factor": 0.8,
      "grain_id": 26,
      "score": 0.8212286233901978
    },
    {
      "length_mm": 6.402185282195279,
      "width_mm": 1.5850854529431462,
      "thickness_mm": 1.2680683623545168,
      "area_mm2": 7.4699908046128165,
      "volume_mm3": 6.7378635000141385,
      "a_px": 284.38018798828125,
      "b_px": 70.40828704833984,
      "c_px": 56.326629638671875,
      "area_px2": 58955.21875,
      "vol_px3": 4724169.706530816,
      "k_factor": 0.8,
      "grain_id": 27,
      "score": 0.8184011578559875
    },
    {
      "length_mm": 0.7424564888361204,
      "width_mm": 0.24558104195655056,
      "thickness_mm": 0.19646483356524047,
      "area_mm2": 0.12364147833861178,
      "volume_mm3": 0.01875639161637243,
      "a_px": 32.97935104370117,
      "b_px": 10.908522605895996,
      "c_px": 8.726818084716797,
      "area_px2": 975.8125,
      "vol_px3": 13150.812134693626,
      "k_factor": 0.8,
      "grain_id": 28,
      "score": 0.8175913095474243
    },
    {
      "length_mm": 1.1028954900754337,
      "width_mm": 0.2628040044727953,
      "thickness_mm": 0.21024320357823623,
      "area_mm2": 0.212327888119827,
      "volume_mm3": 0.03190707014663572,
      "a_px": 48.989776611328125,
      "b_px": 11.673553466796875,
      "c_px": 9.3388427734375,
      "area_px2": 1675.75,
      "vol_px3": 22371.24783109274,
      "k_factor": 0.8,
      "grain_id": 29,
      "score": 0.8170785307884216
    },
    {
      "length_mm": 1.1849363344141708,
      "width_mm": 0.31647214288329234,
      "thickness_mm": 0.2531777143066339,
      "area_mm2": 0.2604366424211827,
      "volume_mm3": 0.04971124058905376,
      "a_px": 52.633968353271484,
      "b_px": 14.057451248168945,
      "c_px": 11.245960998535157,
      "area_px2": 2055.4375,
      "vol_px3": 34854.42186004215,
      "k_factor": 0.8,
      "grain_id": 30,
      "score": 0.8167242407798767
    },
    {
      "length_mm": 3.430799757025107,
      "width_mm": 1.467996454309659,
      "thickness_mm": 1.1743971634477273,
      "area_mm2": 3.710170889130083,
      "volume_mm3": 3.0969485696833283,
      "a_px": 152.3935089111328,
      "b_px": 65.20728302001953,
      "c_px": 52.165826416015626,
      "area_px2": 29281.6875,
      "vol_px3": 2171387.208356361,
      "k_factor": 0.8,
      "grain_id": 31,
      "score": 0.8152185678482056
    },
    {
      "length_mm": 3.4712606319918717,
      "width_mm": 1.5287971771099123,
      "thickness_mm": 1.22303774168793,
      "area_mm2": 3.8396606497817074,
      "volume_mm3": 3.398408462443731,
      "a_px": 154.1907501220703,
      "b_px": 67.90800476074219,
      "c_px": 54.32640380859375,
      "area_px2": 30303.65625,
      "vol_px3": 2382752.0858297227,
      "k_factor": 0.8,
      "grain_id": 32,
      "score": 0.8114898204803467
    },
    {
      "length_mm": 5.242438319209691,
      "width_mm": 1.921740928461286,
      "thickness_mm": 1.5373927427690288,
      "area_mm2": 7.259092320633137,
      "volume_mm3": 8.109827525913396,
      "a_px": 232.8651123046875,
      "b_px": 85.36226654052734,
      "c_px": 68.28981323242188,
      "area_px2": 57290.75,
      "vol_px3": 5686105.324488902,
      "k_factor": 0.8,
      "grain_id": 33,
      "score": 0.8017876744270325
    },
    {
      "length_mm": 6.64639674101925,
      "width_mm": 2.005738363071978,
      "thickness_mm": 1.6045906904575826,
      "area_mm2": 9.230628667585245,
      "volume_mm3": 11.200139542450083,
      "a_px": 295.2278747558594,
      "b_px": 89.09336853027344,
      "c_px": 71.27469482421876,
      "area_px2": 72850.65625,
      "vol_px3": 7852839.395640706,
      "k_factor": 0.8,
      "grain_id": 34,
      "score": 0.8016138076782227
    },
    {
      "length_mm": 0.46822047684755297,
      "width_mm": 0.1761497834072567,
      "thickness_mm": 0.14091982672580539,
      "area_mm2": 0.06268788461720687,
      "volume_mm3": 0.006085597702002076,
      "a_px": 20.797996520996094,
      "b_px": 7.82443904876709,
      "c_px": 6.259551239013672,
      "area_px2": 494.75,
      "vol_px3": 4266.841604890249,
      "k_factor": 0.8,
      "grain_id": 35,
      "score": 0.8005163073539734
    },
    {
      "length_mm": 0.5952318520397143,
      "width_mm": 0.23642067327581415,
      "thickness_mm": 0.18913653862065133,
      "area_mm2": 0.09061867908977997,
      "volume_mm3": 0.013936241769382369,
      "a_px": 26.43974494934082,
      "b_px": 10.501626014709473,
      "c_px": 8.401300811767578,
      "area_px2": 715.1875,
      "vol_px3": 9771.22365118668,
      "k_factor": 0.8,
      "grain_id": 36,
      "score": 0.7995612621307373
    },
    {
      "length_mm": 4.53241907928062,
      "width_mm": 1.799175744282371,
      "thickness_mm": 1.4393405954258969,
      "area_mm2": 6.048739415503111,
      "volume_mm3": 6.145621983513764,
      "a_px": 201.32659912109375,
      "b_px": 79.91801452636719,
      "c_px": 63.93441162109375,
      "area_px2": 47738.3125,
      "vol_px3": 4308926.887914044,
      "k_factor": 0.8,
      "grain_id": 37,
      "score": 0.7947781085968018
    },
    {
      "length_mm": 0.5922405009291171,
      "width_mm": 0.18391448308897296,
      "thickness_mm": 0.14713158647117835,
      "area_mm2": 0.07908049719396511,
      "volume_mm3": 0.00839109377760762,
      "a_px": 26.30687141418457,
      "b_px": 8.169341087341309,
      "c_px": 6.535472869873047,
      "area_px2": 624.125,
      "vol_px3": 5883.31168014163,
      "k_factor": 0.8,
      "grain_id": 38,
      "score": 0.7946649789810181
    },
    {
      "length_mm": 0.8692919400862152,
      "width_mm": 0.2179028427012378,
      "thickness_mm": 0.17432227416099025,
      "area_mm2": 0.12695563696826073,
      "volume_mm3": 0.017289405259965418,
      "a_px": 38.613285064697266,
      "b_px": 9.679078102111816,
      "c_px": 7.743262481689453,
      "area_px2": 1001.96875,
      "vol_px3": 12122.252784267861,
      "k_factor": 0.8,
      "grain_id": 39,
      "score": 0.7918456792831421
    },
    {
      "length_mm": 3.7549247416772324,
      "width_mm": 1.4555618048492318,
      "thickness_mm": 1.1644494438793855,
      "area_mm2": 3.787200329967826,
      "volume_mm3": 3.332354131761336,
      "a_px": 166.7908935546875,
      "b_px": 64.65494537353516,
      "c_px": 51.72395629882813,
      "area_px2": 29889.625,
      "vol_px3": 2336438.908367121,
      "k_factor": 0.8,
      "grain_id": 40,
      "score": 0.7910283207893372
    },
    {
      "length_mm": 3.8742703073118117,
      "width_mm": 1.446135854137331,
      "thickness_mm": 1.1569086833098647,
      "area_mm2": 4.23641730809483,
      "volume_mm3": 3.3938818154962993,
      "a_px": 172.09213256835938,
      "b_px": 64.23625183105469,
      "c_px": 51.38900146484375,
      "area_px2": 33434.96875,
      "vol_px3": 2379578.2832762613,
      "k_factor": 0.8,
      "grain_id": 41,
      "score": 0.787108838558197
    },
    {
      "length_mm": 0.5016264882776589,
      "width_mm": 0.21472446773668144,
      "thickness_mm": 0.17177957418934517,
      "area_mm2": 0.0815789847630314,
      "volume_mm3": 0.009687955612187098,
      "a_px": 22.2818660736084,
      "b_px": 9.537897109985352,
      "c_px": 7.630317687988281,
      "area_px2": 643.84375,
      "vol_px3": 6792.590324991514,
      "k_factor": 0.8,
      "grain_id": 42,
      "score": 0.7861523032188416
    },
    {
      "length_mm": 0.6767173572662362,
      "width_mm": 0.3015629001059703,
      "thickness_mm": 0.2412503200847763,
      "area_mm2": 0.13549246612659183,
      "volume_mm3": 0.02577815007365602,
      "a_px": 30.059268951416016,
      "b_px": 13.395194053649902,
      "c_px": 10.716155242919923,
      "area_px2": 1069.34375,
      "vol_px3": 18074.0312812979,
      "k_factor": 0.8,
      "grain_id": 43,
      "score": 0.7817796468734741
    },
    {
      "length_mm": 0.6963693111402656,
      "width_mm": 0.17381335930309905,
      "thickness_mm": 0.13905068744247925,
      "area_mm2": 0.08791033440318512,
      "volume_mm3": 0.008812406851754542,
      "a_px": 30.932193756103516,
      "b_px": 7.720656871795654,
      "c_px": 6.176525497436524,
      "area_px2": 693.8125,
      "vol_px3": 6178.710134243006,
      "k_factor": 0.8,
      "grain_id": 44,
      "score": 0.7799267768859863
    },
    {
      "length_mm": 0.6177039993887351,
      "width_mm": 0.2304888116568668,
      "thickness_mm": 0.18439104932549344,
      "area_mm2": 0.1011946858995677,
      "volume_mm3": 0.013745758836631336,
      "a_px": 27.43794059753418,
      "b_px": 10.238137245178223,
      "c_px": 8.190509796142578,
      "area_px2": 798.65625,
      "vol_px3": 9637.668897441417,
      "k_factor": 0.8,
      "grain_id": 45,
      "score": 0.7780877351760864
    },
    {
      "length_mm": 0.5161756172790131,
      "width_mm": 0.16075478529807563,
      "thickness_mm": 0.12860382823846053,
      "area_mm2": 0.06301652878239308,
      "volume_mm3": 0.005587453406254519,
      "a_px": 22.92812728881836,
      "b_px": 7.1406049728393555,
      "c_px": 5.712483978271485,
      "area_px2": 497.34375,
      "vol_px3": 3917.573889471734,
      "k_factor": 0.8,
      "grain_id": 46,
      "score": 0.7752028703689575
    },
    {
      "length_mm": 0.5465707400360027,
      "width_mm": 0.15993852311191206,
      "thickness_mm": 0.12795081848952966,
      "area_mm2": 0.06544770369112003,
      "volume_mm3": 0.005856540496193488,
      "a_px": 24.278255462646484,
      "b_px": 7.104347229003906,
      "c_px": 5.683477783203125,
      "area_px2": 516.53125,
      "vol_px3": 4106.240976405974,
      "k_factor": 0.8,
      "grain_id": 47,
      "score": 0.7709187865257263
    },
    {
      "length_mm": 0.642309305047245,
      "width_mm": 0.3058370317499562,
      "thickness_mm": 0.24466962539996492,
      "area_mm2": 0.14039441162659827,
      "volume_mm3": 0.025165928770532878,
      "a_px": 28.5308895111084,
      "b_px": 13.585047721862793,
      "c_px": 10.868038177490234,
      "area_px2": 1108.03125,
      "vol_px3": 17644.779882260045,
      "k_factor": 0.8,
      "grain_id": 48,
      "score": 0.7645695805549622
    },
    {
      "length_mm": 0.7703595632890416,
      "width_mm": 0.20944232668581012,
      "thickness_mm": 0.1675538613486481,
      "area_mm2": 0.1162172878600075,
      "volume_mm3": 0.014155036552552895,
      "a_px": 34.21878433227539,
      "b_px": 9.303268432617188,
      "c_px": 7.44261474609375,
      "area_px2": 917.21875,
      "vol_px3": 9924.628908891738,
      "k_factor": 0.8,
      "grain_id": 49,
      "score": 0.7631487250328064
    },
    {
      "length_mm": 0.8656380294378867,
      "width_mm": 0.34028559757386295,
      "thickness_mm": 0.2722284780590904,
      "area_mm2": 0.1823618755640525,
      "volume_mm3": 0.04198673203385533,
      "a_px": 38.45098114013672,
      "b_px": 15.115226745605469,
      "c_px": 12.092181396484376,
      "area_px2": 1439.25,
      "vol_px3": 29438.478168955207,
      "k_factor": 0.8,
      "grain_id": 50,
      "score": 0.7620488405227661
    },
    {
      "length_mm": 0.6716228197552448,
      "width_mm": 0.1796318815895874,
      "thickness_mm": 0.14370550527166995,
      "area_mm2": 0.09142247144559686,
      "volume_mm3": 0.009077805870814037,
      "a_px": 29.83297348022461,
      "b_px": 7.979111194610596,
      "c_px": 6.383288955688477,
      "area_px2": 721.53125,
      "vol_px3": 6364.7913758682225,
      "k_factor": 0.8,
      "grain_id": 51,
      "score": 0.7613489031791687
    },
    {
      "length_mm": 0.5200884113656424,
      "width_mm": 0.1716397947379388,
      "thickness_mm": 0.13731183579035106,
      "area_mm2": 0.06660785718990993,
      "volume_mm3": 0.006418030242371549,
      "a_px": 23.101930618286133,
      "b_px": 7.624108791351318,
      "c_px": 6.099287033081055,
      "area_px2": 525.6875,
      "vol_px3": 4499.922571382855,
      "k_factor": 0.8,
      "grain_id": 52,
      "score": 0.7597029209136963
    },
    {
      "length_mm": 0.525833442359271,
      "width_mm": 0.25557630865231484,
      "thickness_mm": 0.20446104692185188,
      "area_mm2": 0.10236671810312337,
      "volume_mm3": 0.0143872569178889,
      "a_px": 23.357120513916016,
      "b_px": 11.35250473022461,
      "c_px": 9.082003784179689,
      "area_px2": 807.90625,
      "vol_px3": 10087.447347578953,
      "k_factor": 0.8,
      "grain_id": 53,
      "score": 0.7569978833198547
    },
    {
      "length_mm": 0.6935877204536357,
      "width_mm": 0.2546668887916789,
      "thickness_mm": 0.20373351103334314,
      "area_mm2": 0.1314457873697206,
      "volume_mm3": 0.018842345817642478,
      "a_px": 30.808637619018555,
      "b_px": 11.312108993530273,
      "c_px": 9.04968719482422,
      "area_px2": 1037.40625,
      "vol_px3": 13211.07786043713,
      "k_factor": 0.8,
      "grain_id": 54,
      "score": 0.7540274858474731
    },
    {
      "length_mm": 14.600415145906151,
      "width_mm": 1.3657896679137012,
      "thickness_mm": 1.092631734330961,
      "area_mm2": 12.849626538069813,
      "volume_mm3": 11.408313837347988,
      "a_px": 648.539306640625,
      "b_px": 60.667335510253906,
      "c_px": 48.533868408203126,
      "area_px2": 101412.78125,
      "vol_px3": 7998798.229272914,
      "k_factor": 0.8,
      "grain_id": 55,
      "score": 0.7468544840812683
    },
    {
      "length_mm": 1.0359773202821518,
      "width_mm": 0.33376887580043285,
      "thickness_mm": 0.2670151006403463,
      "area_mm2": 0.21618846716870121,
      "volume_mm3": 0.04834265841871531,
      "a_px": 46.0173225402832,
      "b_px": 14.825758934020996,
      "c_px": 11.860607147216797,
      "area_px2": 1706.21875,
      "vol_px3": 33894.85738830752,
      "k_factor": 0.8,
      "grain_id": 56,
      "score": 0.745067834854126
    },
    {
      "length_mm": 2.842994798064171,
      "width_mm": 1.4628594923771978,
      "thickness_mm": 1.1702875939017585,
      "area_mm2": 3.0859449536890358,
      "volume_mm3": 2.5484135328640036,
      "a_px": 126.28366088867188,
      "b_px": 64.9791030883789,
      "c_px": 51.98328247070313,
      "area_px2": 24355.125,
      "vol_px3": 1786788.6477136319,
      "k_factor": 0.8,
      "grain_id": 57,
      "score": 0.7448789477348328
    },
    {
      "length_mm": 0.7638718902212029,
      "width_mm": 0.2276576470890762,
      "thickness_mm": 0.182126117671261,
      "area_mm2": 0.117805074730365,
      "volume_mm3": 0.016583401820146223,
      "a_px": 33.930606842041016,
      "b_px": 10.11237907409668,
      "c_px": 8.089903259277344,
      "area_px2": 929.75,
      "vol_px3": 11627.247199323405,
      "k_factor": 0.8,
      "grain_id": 58,
      "score": 0.743858277797699
    },
    {
      "length_mm": 0.4197762103179531,
      "width_mm": 0.20351314879797805,
      "thickness_mm": 0.16281051903838245,
      "area_mm2": 0.06297693309984052,
      "volume_mm3": 0.007282682547567812,
      "a_px": 18.64613914489746,
      "b_px": 9.039898872375488,
      "c_px": 7.231919097900391,
      "area_px2": 497.03125,
      "vol_px3": 5106.162847233152,
      "k_factor": 0.8,
      "grain_id": 59,
      "score": 0.7435975074768066
    },
    {
      "length_mm": 0.7108790644386969,
      "width_mm": 0.3623050316885156,
      "thickness_mm": 0.2898440253508125,
      "area_mm2": 0.18537114743804678,
      "volume_mm3": 0.039087065336087655,
      "a_px": 31.576705932617188,
      "b_px": 16.093313217163086,
      "c_px": 12.87465057373047,
      "area_px2": 1463.0,
      "vol_px3": 27405.412706497926,
      "k_factor": 0.8,
      "grain_id": 60,
      "score": 0.7385983467102051
    },
    {
      "length_mm": 0.6599917438002684,
      "width_mm": 0.4174824575385278,
      "thickness_mm": 0.33398596603082226,
      "area_mm2": 0.20754868923573347,
      "volume_mm3": 0.04818408038171572,
      "a_px": 29.316329956054688,
      "b_px": 18.544252395629883,
      "c_px": 14.835401916503907,
      "area_px2": 1638.03125,
      "vol_px3": 33783.67235784304,
      "k_factor": 0.8,
      "grain_id": 61,
      "score": 0.7382999658584595
    },
    {
      "length_mm": 0.9249179140199048,
      "width_mm": 0.38683265943362594,
      "thickness_mm": 0.3094661275469008,
      "area_mm2": 0.24681176805484814,
      "volume_mm3": 0.05797464090855437,
      "a_px": 41.08414840698242,
      "b_px": 17.182811737060547,
      "c_px": 13.746249389648439,
      "area_px2": 1947.90625,
      "vol_px3": 40648.20285044659,
      "k_factor": 0.8,
      "grain_id": 62,
      "score": 0.738092303276062
    },
    {
      "length_mm": 1.193909700710797,
      "width_mm": 0.3526029143099316,
      "thickness_mm": 0.28208233144794537,
      "area_mm2": 0.29470670567042,
      "volume_mm3": 0.06217730371733998,
      "a_px": 53.03255844116211,
      "b_px": 15.662352561950684,
      "c_px": 12.529882049560548,
      "area_px2": 2325.90625,
      "vol_px3": 43594.847929853,
      "k_factor": 0.8,
      "grain_id": 63,
      "score": 0.737966775894165
    },
    {
      "length_mm": 5.218435371632535,
      "width_mm": 1.6188178490165634,
      "thickness_mm": 1.295054279213251,
      "area_mm2": 6.3974981874260255,
      "volume_mm3": 5.728288557865309,
      "a_px": 231.79891967773438,
      "b_px": 71.90665435791016,
      "c_px": 57.525323486328126,
      "area_px2": 50490.8125,
      "vol_px3": 4016318.7151650675,
      "k_factor": 0.8,
      "grain_id": 64,
      "score": 0.7363428473472595
    },
    {
      "length_mm": 0.45437968110183174,
      "width_mm": 0.3272103737010006,
      "thickness_mm": 0.26176829896080045,
      "area_mm2": 0.11189739889352363,
      "volume_mm3": 0.020378003824853642,
      "a_px": 20.183198928833008,
      "b_px": 14.534435272216797,
      "c_px": 11.627548217773438,
      "area_px2": 883.125,
      "vol_px3": 14287.785489976262,
      "k_factor": 0.8,
      "grain_id": 65,
      "score": 0.7340962886810303
    },
    {
      "length_mm": 0.7151108575406085,
      "width_mm": 0.3044731810670383,
      "thickness_mm": 0.24357854485363065,
      "area_mm2": 0.14876493891820863,
      "volume_mm3": 0.027768989138368012,
      "a_px": 31.764678955078125,
      "b_px": 13.524466514587402,
      "c_px": 10.819573211669923,
      "area_px2": 1174.09375,
      "vol_px3": 19469.883482825997,
      "k_factor": 0.8,
      "grain_id": 66,
      "score": 0.7318488955497742
    },
    {
      "length_mm": 0.7355774633621324,
      "width_mm": 0.3407307963611085,
      "thickness_mm": 0.2725846370888868,
      "area_mm2": 0.16419537640893977,
      "volume_mm3": 0.035771718191667294,
      "a_px": 32.673789978027344,
      "b_px": 15.135002136230469,
      "c_px": 12.108001708984375,
      "area_px2": 1295.875,
      "vol_px3": 25080.89803708213,
      "k_factor": 0.8,
      "grain_id": 67,
      "score": 0.7285960912704468
    },
    {
      "length_mm": 0.5792805701449655,
      "width_mm": 0.24077226813471037,
      "thickness_mm": 0.1926178145077683,
      "area_mm2": 0.10749831856193465,
      "volume_mm3": 0.014066644086556395,
      "a_px": 25.731201171875,
      "b_px": 10.694920539855957,
      "c_px": 8.555936431884765,
      "area_px2": 848.40625,
      "vol_px3": 9862.653623974591,
      "k_factor": 0.8,
      "grain_id": 68,
      "score": 0.7216077446937561
    },
    {
      "length_mm": 0.5467084476469881,
      "width_mm": 0.2246446114310678,
      "thickness_mm": 0.17971568914485422,
      "area_mm2": 0.0941308161321917,
      "volume_mm3": 0.011556768268796078,
      "a_px": 24.284372329711914,
      "b_px": 9.97854232788086,
      "c_px": 7.9828338623046875,
      "area_px2": 742.90625,
      "vol_px3": 8102.885218842509,
      "k_factor": 0.8,
      "grain_id": 69,
      "score": 0.7212632894515991
    },
    {
      "length_mm": 0.8784975242687812,
      "width_mm": 0.4080831294392901,
      "thickness_mm": 0.3264665035514321,
      "area_mm2": 0.25662357819137155,
      "volume_mm3": 0.061281083191851604,
      "a_px": 39.02219009399414,
      "b_px": 18.126741409301758,
      "c_px": 14.501393127441407,
      "area_px2": 2025.34375,
      "vol_px3": 42966.473986558594,
      "k_factor": 0.8,
      "grain_id": 70,
      "score": 0.7196322083473206
    },
    {
      "length_mm": 0.7709255085066242,
      "width_mm": 0.4858520749983291,
      "thickness_mm": 0.38868165999866333,
      "area_mm2": 0.279153521563776,
      "volume_mm3": 0.07622705634331245,
      "a_px": 34.24392318725586,
      "b_px": 21.581178665161133,
      "c_px": 17.264942932128907,
      "area_px2": 2203.15625,
      "vol_px3": 53445.65831503394,
      "k_factor": 0.8,
      "grain_id": 71,
      "score": 0.7192221283912659
    },
    {
      "length_mm": 3.029734047705956,
      "width_mm": 1.5665497594542668,
      "thickness_mm": 1.2532398075634135,
      "area_mm2": 3.4570990436636757,
      "volume_mm3": 3.1144510202227043,
      "a_px": 134.57847595214844,
      "b_px": 69.58494567871094,
      "c_px": 55.66795654296875,
      "area_px2": 27284.375,
      "vol_px3": 2183658.835204842,
      "k_factor": 0.8,
      "grain_id": 72,
      "score": 0.715782880783081
    },
    {
      "length_mm": 0.5542334579353397,
      "width_mm": 0.22599946624728737,
      "thickness_mm": 0.1807995729978299,
      "area_mm2": 0.09586510702799365,
      "volume_mm3": 0.01185758307196529,
      "a_px": 24.618627548217773,
      "b_px": 10.038723945617676,
      "c_px": 8.03097915649414,
      "area_px2": 756.59375,
      "vol_px3": 8313.797799722937,
      "k_factor": 0.8,
      "grain_id": 73,
      "score": 0.7155366539955139
    },
    {
      "length_mm": 0.512883001248343,
      "width_mm": 0.2164684420947624,
      "thickness_mm": 0.17317475367580992,
      "area_mm2": 0.08430712729090252,
      "volume_mm3": 0.010066907954375195,
      "a_px": 22.781871795654297,
      "b_px": 9.615363121032715,
      "c_px": 7.692290496826172,
      "area_px2": 665.375,
      "vol_px3": 7058.288075499542,
      "k_factor": 0.8,
      "grain_id": 74,
      "score": 0.7145884037017822
    },
    {
      "length_mm": 0.48081005273780086,
      "width_mm": 0.16905695044277946,
      "thickness_mm": 0.13524556035422358,
      "area_mm2": 0.062382997861552186,
      "volume_mm3": 0.005756098403843092,
      "a_px": 21.357215881347656,
      "b_px": 7.50938081741333,
      "c_px": 6.007504653930664,
      "area_px2": 492.34375,
      "vol_px3": 4035.817244915819,
      "k_factor": 0.8,
      "grain_id": 75,
      "score": 0.7135435342788696
    },
    {
      "length_mm": 3.525577288658905,
      "width_mm": 1.5160518159958867,
      "thickness_mm": 1.2128414527967095,
      "area_mm2": 3.8469106192570806,
      "volume_mm3": 3.3942743253273266,
      "a_px": 156.60345458984375,
      "b_px": 67.34186553955078,
      "c_px": 53.87349243164063,
      "area_px2": 30360.875,
      "vol_px3": 2379853.4866924854,
      "k_factor": 0.8,
      "grain_id": 76,
      "score": 0.7124149799346924
    },
    {
      "length_mm": 0.4905270916613856,
      "width_mm": 0.23962934219719936,
      "thickness_mm": 0.1917034737577595,
      "area_mm2": 0.08739163096174664,
      "volume_mm3": 0.01179863045470714,
      "a_px": 21.78883934020996,
      "b_px": 10.644152641296387,
      "c_px": 8.51532211303711,
      "area_px2": 689.71875,
      "vol_px3": 8272.463900843704,
      "k_factor": 0.8,
      "grain_id": 77,
      "score": 0.7108059525489807
    },
    {
      "length_mm": 0.6295790587068606,
      "width_mm": 0.2663235782764192,
      "thickness_mm": 0.2130588626211354,
      "area_mm2": 0.11429689725620854,
      "volume_mm3": 0.018705017455260504,
      "a_px": 27.965421676635742,
      "b_px": 11.829890251159668,
      "c_px": 9.463912200927735,
      "area_px2": 902.0625,
      "vol_px3": 13114.791776664277,
      "k_factor": 0.8,
      "grain_id": 78,
      "score": 0.7103648781776428
    },
    {
      "length_mm": 0.4472860000783221,
      "width_mm": 0.1565649335460329,
      "thickness_mm": 0.12525194683682633,
      "area_mm2": 0.05382241129368955,
      "volume_mm3": 0.004592645354864718,
      "a_px": 19.86810302734375,
      "b_px": 6.954494953155518,
      "c_px": 5.563595962524414,
      "area_px2": 424.78125,
      "vol_px3": 3220.076521028638,
      "k_factor": 0.8,
      "grain_id": 79,
      "score": 0.7102552652359009
    },
    {
      "length_mm": 0.6615172195058707,
      "width_mm": 0.20445554634655805,
      "thickness_mm": 0.16356443707724644,
      "area_mm2": 0.10328929750659792,
      "volume_mm3": 0.011583173338077353,
      "a_px": 29.384090423583984,
      "b_px": 9.081759452819824,
      "c_px": 7.265407562255859,
      "area_px2": 815.1875,
      "vol_px3": 8121.398806776902,
      "k_factor": 0.8,
      "grain_id": 80,
      "score": 0.7083814740180969
    },
    {
      "length_mm": 0.5832482411654395,
      "width_mm": 0.21005273596051005,
      "thickness_mm": 0.16804218876840804,
      "area_mm2": 0.09231337430302937,
      "volume_mm3": 0.01077950286814015,
      "a_px": 25.907442092895508,
      "b_px": 9.330382347106934,
      "c_px": 7.464305877685547,
      "area_px2": 728.5625,
      "vol_px3": 7557.91519092408,
      "k_factor": 0.8,
      "grain_id": 81,
      "score": 0.7065284848213196
    },
    {
      "length_mm": 0.6632511245048073,
      "width_mm": 0.23090470410033387,
      "thickness_mm": 0.18472376328026713,
      "area_mm2": 0.10732805712695864,
      "volume_mm3": 0.014812629683952335,
      "a_px": 29.461109161376953,
      "b_px": 10.256610870361328,
      "c_px": 8.205288696289063,
      "area_px2": 847.0625,
      "vol_px3": 10385.692204485877,
      "k_factor": 0.8,
      "grain_id": 82,
      "score": 0.7031432390213013
    },
    {
      "length_mm": 0.7984216863827767,
      "width_mm": 0.33085913158558794,
      "thickness_mm": 0.26468730526847034,
      "area_mm2": 0.20385837162183523,
      "volume_mm3": 0.03661062852791491,
      "a_px": 35.46528244018555,
      "b_px": 14.696510314941406,
      "c_px": 11.757208251953125,
      "area_px2": 1608.90625,
      "vol_px3": 25669.089649599697,
      "k_factor": 0.8,
      "grain_id": 83,
      "score": 0.7014815211296082
    },
    {
      "length_mm": 0.4760780980354034,
      "width_mm": 0.38929065655730416,
      "thickness_mm": 0.3114325252458433,
      "area_mm2": 0.11503733651994133,
      "volume_mm3": 0.03022141342802328,
      "a_px": 21.14702606201172,
      "b_px": 17.291994094848633,
      "c_px": 13.833595275878906,
      "area_px2": 907.90625,
      "vol_px3": 21189.37045918363,
      "k_factor": 0.8,
      "grain_id": 84,
      "score": 0.7013277411460876
    },
    {
      "length_mm": 0.4934020761908259,
      "width_mm": 0.19164266255767295,
      "thickness_mm": 0.15331413004613836,
      "area_mm2": 0.07246009907117772,
      "volume_mm3": 0.007590562734817625,
      "a_px": 21.91654396057129,
      "b_px": 8.51262092590332,
      "c_px": 6.810096740722656,
      "area_px2": 571.875,
      "vol_px3": 5322.029234826719,
      "k_factor": 0.8,
      "grain_id": 85,
      "score": 0.7001262903213501
    }
  ],
  "smallest_20_by_volume_without_cnn": [
    {
      "length_mm": 0.4472860000783221,
      "width_mm": 0.1565649335460329,
      "thickness_mm": 0.12525194683682633,
      "area_mm2": 0.05382241129368955,
      "volume_mm3": 0.004592645354864718,
      "a_px": 19.86810302734375,
      "b_px": 6.954494953155518,
      "c_px": 5.563595962524414,
      "area_px2": 424.78125,
      "vol_px3": 3220.076521028638,
      "k_factor": 0.8,
      "grain_id": 79,
      "score": 0.7102552652359009
    },
    {
      "length_mm": 0.5161756172790131,
      "width_mm": 0.16075478529807563,
      "thickness_mm": 0.12860382823846053,
      "area_mm2": 0.06301652878239308,
      "volume_mm3": 0.005587453406254519,
      "a_px": 22.92812728881836,
      "b_px": 7.1406049728393555,
      "c_px": 5.712483978271485,
      "area_px2": 497.34375,
      "vol_px3": 3917.573889471734,
      "k_factor": 0.8,
      "grain_id": 46,
      "score": 0.7752028703689575
    },
    {
      "length_mm": 0.48081005273780086,
      "width_mm": 0.16905695044277946,
      "thickness_mm": 0.13524556035422358,
      "area_mm2": 0.062382997861552186,
      "volume_mm3": 0.005756098403843092,
      "a_px": 21.357215881347656,
      "b_px": 7.50938081741333,
      "c_px": 6.007504653930664,
      "area_px2": 492.34375,
      "vol_px3": 4035.817244915819,
      "k_factor": 0.8,
      "grain_id": 75,
      "score": 0.7135435342788696
    },
    {
      "length_mm": 0.5465707400360027,
      "width_mm": 0.15993852311191206,
      "thickness_mm": 0.12795081848952966,
      "area_mm2": 0.06544770369112003,
      "volume_mm3": 0.005856540496193488,
      "a_px": 24.278255462646484,
      "b_px": 7.104347229003906,
      "c_px": 5.683477783203125,
      "area_px2": 516.53125,
      "vol_px3": 4106.240976405974,
      "k_factor": 0.8,
      "grain_id": 47,
      "score": 0.7709187865257263
    },
    {
      "length_mm": 0.5524192127617372,
      "width_mm": 0.16212621483766296,
      "thickness_mm": 0.12970097187013035,
      "area_mm2": 0.06682959301220424,
      "volume_mm3": 0.006082244447740845,
      "a_px": 24.538040161132812,
      "b_px": 7.2015228271484375,
      "c_px": 5.76121826171875,
      "area_px2": 527.4375,
      "vol_px3": 4264.49051211445,
      "k_factor": 0.8,
      "grain_id": 19,
      "score": 0.8342912197113037
    },
    {
      "length_mm": 0.46822047684755297,
      "width_mm": 0.1761497834072567,
      "thickness_mm": 0.14091982672580539,
      "area_mm2": 0.06268788461720687,
      "volume_mm3": 0.006085597702002076,
      "a_px": 20.797996520996094,
      "b_px": 7.82443904876709,
      "c_px": 6.259551239013672,
      "area_px2": 494.75,
      "vol_px3": 4266.841604890249,
      "k_factor": 0.8,
      "grain_id": 35,
      "score": 0.8005163073539734
    },
    {
      "length_mm": 0.5200884113656424,
      "width_mm": 0.1716397947379388,
      "thickness_mm": 0.13731183579035106,
      "area_mm2": 0.06660785718990993,
      "volume_mm3": 0.006418030242371549,
      "a_px": 23.101930618286133,
      "b_px": 7.624108791351318,
      "c_px": 6.099287033081055,
      "area_px2": 525.6875,
      "vol_px3": 4499.922571382855,
      "k_factor": 0.8,
      "grain_id": 52,
      "score": 0.7597029209136963
    },
    {
      "length_mm": 0.4197762103179531,
      "width_mm": 0.20351314879797805,
      "thickness_mm": 0.16281051903838245,
      "area_mm2": 0.06297693309984052,
      "volume_mm3": 0.007282682547567812,
      "a_px": 18.64613914489746,
      "b_px": 9.039898872375488,
      "c_px": 7.231919097900391,
      "area_px2": 497.03125,
      "vol_px3": 5106.162847233152,
      "k_factor": 0.8,
      "grain_id": 59,
      "score": 0.7435975074768066
    },
    {
      "length_mm": 0.4934020761908259,
      "width_mm": 0.19164266255767295,
      "thickness_mm": 0.15331413004613836,
      "area_mm2": 0.07246009907117772,
      "volume_mm3": 0.007590562734817625,
      "a_px": 21.91654396057129,
      "b_px": 8.51262092590332,
      "c_px": 6.810096740722656,
      "area_px2": 571.875,
      "vol_px3": 5322.029234826719,
      "k_factor": 0.8,
      "grain_id": 85,
      "score": 0.7001262903213501
    },
    {
      "length_mm": 0.3901218832281663,
      "width_mm": 0.21623886500024,
      "thickness_mm": 0.17299109200019203,
      "area_mm2": 0.060046852590951376,
      "volume_mm3": 0.007641109575707423,
      "a_px": 17.328916549682617,
      "b_px": 9.605165481567383,
      "c_px": 7.684132385253907,
      "area_px2": 473.90625,
      "vol_px3": 5357.469527508802,
      "k_factor": 0.8,
      "grain_id": 20,
      "score": 0.8326784372329712
    },
    {
      "length_mm": 0.5922405009291171,
      "width_mm": 0.18391448308897296,
      "thickness_mm": 0.14713158647117835,
      "area_mm2": 0.07908049719396511,
      "volume_mm3": 0.00839109377760762,
      "a_px": 26.30687141418457,
      "b_px": 8.169341087341309,
      "c_px": 6.535472869873047,
      "area_px2": 624.125,
      "vol_px3": 5883.31168014163,
      "k_factor": 0.8,
      "grain_id": 38,
      "score": 0.7946649789810181
    },
    {
      "length_mm": 0.6963693111402656,
      "width_mm": 0.17381335930309905,
      "thickness_mm": 0.13905068744247925,
      "area_mm2": 0.08791033440318512,
      "volume_mm3": 0.008812406851754542,
      "a_px": 30.932193756103516,
      "b_px": 7.720656871795654,
      "c_px": 6.176525497436524,
      "area_px2": 693.8125,
      "vol_px3": 6178.710134243006,
      "k_factor": 0.8,
      "grain_id": 44,
      "score": 0.7799267768859863
    },
    {
      "length_mm": 0.6716228197552448,
      "width_mm": 0.1796318815895874,
      "thickness_mm": 0.14370550527166995,
      "area_mm2": 0.09142247144559686,
      "volume_mm3": 0.009077805870814037,
      "a_px": 29.83297348022461,
      "b_px": 7.979111194610596,
      "c_px": 6.383288955688477,
      "area_px2": 721.53125,
      "vol_px3": 6364.7913758682225,
      "k_factor": 0.8,
      "grain_id": 51,
      "score": 0.7613489031791687
    },
    {
      "length_mm": 0.5016264882776589,
      "width_mm": 0.21472446773668144,
      "thickness_mm": 0.17177957418934517,
      "area_mm2": 0.0815789847630314,
      "volume_mm3": 0.009687955612187098,
      "a_px": 22.2818660736084,
      "b_px": 9.537897109985352,
      "c_px": 7.630317687988281,
      "area_px2": 643.84375,
      "vol_px3": 6792.590324991514,
      "k_factor": 0.8,
      "grain_id": 42,
      "score": 0.7861523032188416
    },
    {
      "length_mm": 0.512883001248343,
      "width_mm": 0.2164684420947624,
      "thickness_mm": 0.17317475367580992,
      "area_mm2": 0.08430712729090252,
      "volume_mm3": 0.010066907954375195,
      "a_px": 22.781871795654297,
      "b_px": 9.615363121032715,
      "c_px": 7.692290496826172,
      "area_px2": 665.375,
      "vol_px3": 7058.288075499542,
      "k_factor": 0.8,
      "grain_id": 74,
      "score": 0.7145884037017822
    },
    {
      "length_mm": 0.5832482411654395,
      "width_mm": 0.21005273596051005,
      "thickness_mm": 0.16804218876840804,
      "area_mm2": 0.09231337430302937,
      "volume_mm3": 0.01077950286814015,
      "a_px": 25.907442092895508,
      "b_px": 9.330382347106934,
      "c_px": 7.464305877685547,
      "area_px2": 728.5625,
      "vol_px3": 7557.91519092408,
      "k_factor": 0.8,
      "grain_id": 81,
      "score": 0.7065284848213196
    },
    {
      "length_mm": 0.658583235831593,
      "width_mm": 0.20293964619357494,
      "thickness_mm": 0.16235171695485998,
      "area_mm2": 0.09594825796135402,
      "volume_mm3": 0.01136143213538509,
      "a_px": 29.253765106201172,
      "b_px": 9.014424324035645,
      "c_px": 7.211539459228516,
      "area_px2": 757.25,
      "vol_px3": 7965.92770344477,
      "k_factor": 0.8,
      "grain_id": 12,
      "score": 0.8725884556770325
    },
    {
      "length_mm": 0.5094528064257812,
      "width_mm": 0.23143430086369157,
      "thickness_mm": 0.18514744069095326,
      "area_mm2": 0.08739955009825714,
      "volume_mm3": 0.011430047115058774,
      "a_px": 22.629505157470703,
      "b_px": 10.280135154724121,
      "c_px": 8.224108123779297,
      "area_px2": 689.78125,
      "vol_px3": 8014.036248295517,
      "k_factor": 0.8,
      "grain_id": 8,
      "score": 0.8916251063346863
    },
    {
      "length_mm": 0.5467084476469881,
      "width_mm": 0.2246446114310678,
      "thickness_mm": 0.17971568914485422,
      "area_mm2": 0.0941308161321917,
      "volume_mm3": 0.011556768268796078,
      "a_px": 24.284372329711914,
      "b_px": 9.97854232788086,
      "c_px": 7.9828338623046875,
      "area_px2": 742.90625,
      "vol_px3": 8102.885218842509,
      "k_factor": 0.8,
      "grain_id": 69,
      "score": 0.7212632894515991
    },
    {
      "length_mm": 0.6615172195058707,
      "width_mm": 0.20445554634655805,
      "thickness_mm": 0.16356443707724644,
      "area_mm2": 0.10328929750659792,
      "volume_mm3": 0.011583173338077353,
      "a_px": 29.384090423583984,
      "b_px": 9.081759452819824,
      "c_px": 7.265407562255859,
      "area_px2": 815.1875,
      "vol_px3": 8121.398806776902,
      "k_factor": 0.8,
      "grain_id": 80,
      "score": 0.7083814740180969
    }
  ],
  "largest_10_by_volume_without_cnn": [
    {
      "length_mm": 5.929022102608311,
      "width_mm": 1.7275691606403054,
      "thickness_mm": 1.3820553285122443,
      "area_mm2": 7.456239224062314,
      "volume_mm3": 7.412122087067335,
      "a_px": 263.3626403808594,
      "b_px": 76.7373046875,
      "c_px": 61.389843750000004,
      "area_px2": 58846.6875,
      "vol_px3": 5196917.780355449,
      "k_factor": 0.8,
      "grain_id": 13,
      "score": 0.8547452092170715
    },
    {
      "length_mm": 5.242438319209691,
      "width_mm": 1.921740928461286,
      "thickness_mm": 1.5373927427690288,
      "area_mm2": 7.259092320633137,
      "volume_mm3": 8.109827525913396,
      "a_px": 232.8651123046875,
      "b_px": 85.36226654052734,
      "c_px": 68.28981323242188,
      "area_px2": 57290.75,
      "vol_px3": 5686105.324488902,
      "k_factor": 0.8,
      "grain_id": 33,
      "score": 0.8017876744270325
    },
    {
      "length_mm": 6.568489701391944,
      "width_mm": 1.7978112924436833,
      "thickness_mm": 1.4382490339549467,
      "area_mm2": 8.963294457263407,
      "volume_mm3": 8.892878128729203,
      "a_px": 291.7673034667969,
      "b_px": 79.85740661621094,
      "c_px": 63.88592529296875,
      "area_px2": 70740.78125,
      "vol_px3": 6235131.575391041,
      "k_factor": 0.8,
      "grain_id": 18,
      "score": 0.8345478773117065
    },
    {
      "length_mm": 5.269782662314268,
      "width_mm": 2.015013853082634,
      "thickness_mm": 1.6120110824661074,
      "area_mm2": 8.170569094719959,
      "volume_mm3": 8.962669583259554,
      "a_px": 234.07972717285156,
      "b_px": 89.50537872314453,
      "c_px": 71.60430297851563,
      "area_px2": 64484.375,
      "vol_px3": 6284064.991045175,
      "k_factor": 0.8,
      "grain_id": 16,
      "score": 0.8397485613822937
    },
    {
      "length_mm": 6.999050517401277,
      "width_mm": 1.77944993412805,
      "thickness_mm": 1.4235599473024403,
      "area_mm2": 9.161229314775381,
      "volume_mm3": 9.283233711037791,
      "a_px": 310.8924865722656,
      "b_px": 79.04180908203125,
      "c_px": 63.233447265625,
      "area_px2": 72302.9375,
      "vol_px3": 6508824.566754485,
      "k_factor": 0.8,
      "grain_id": 1,
      "score": 0.924126923084259
    },
    {
      "length_mm": 6.632894438911632,
      "width_mm": 1.8669845692883311,
      "thickness_mm": 1.4935876554306649,
      "area_mm2": 9.034736947292984,
      "volume_mm3": 9.684409653618252,
      "a_px": 294.62811279296875,
      "b_px": 82.9300308227539,
      "c_px": 66.34402465820312,
      "area_px2": 71304.625,
      "vol_px3": 6790104.119972441,
      "k_factor": 0.8,
      "grain_id": 14,
      "score": 0.8521671295166016
    },
    {
      "length_mm": 6.64639674101925,
      "width_mm": 2.005738363071978,
      "thickness_mm": 1.6045906904575826,
      "area_mm2": 9.230628667585245,
      "volume_mm3": 11.200139542450083,
      "a_px": 295.2278747558594,
      "b_px": 89.09336853027344,
      "c_px": 71.27469482421876,
      "area_px2": 72850.65625,
      "vol_px3": 7852839.395640706,
      "k_factor": 0.8,
      "grain_id": 34,
      "score": 0.8016138076782227
    },
    {
      "length_mm": 14.600415145906151,
      "width_mm": 1.3657896679137012,
      "thickness_mm": 1.092631734330961,
      "area_mm2": 12.849626538069813,
      "volume_mm3": 11.408313837347988,
      "a_px": 648.539306640625,
      "b_px": 60.667335510253906,
      "c_px": 48.533868408203126,
      "area_px2": 101412.78125,
      "vol_px3": 7998798.229272914,
      "k_factor": 0.8,
      "grain_id": 55,
      "score": 0.7468544840812683
    },
    {
      "length_mm": 4.99957413634527,
      "width_mm": 2.667113280419194,
      "thickness_mm": 2.1336906243353555,
      "area_mm2": 7.600775344083909,
      "volume_mm3": 14.897196481952323,
      "a_px": 222.0772705078125,
      "b_px": 118.47113800048828,
      "c_px": 94.77691040039063,
      "area_px2": 59987.40625,
      "vol_px3": 10444985.169576222,
      "k_factor": 0.8,
      "grain_id": 9,
      "score": 0.8842149376869202
    },
    {
      "length_mm": 5.650979658164673,
      "width_mm": 3.4899181024638364,
      "thickness_mm": 2.791934481971069,
      "area_mm2": 14.703274659358197,
      "volume_mm3": 28.829879312188524,
      "a_px": 251.01220703125,
      "b_px": 155.01950073242188,
      "c_px": 124.0156005859375,
      "area_px2": 116042.28125,
      "vol_px3": 20213713.514572494,
      "k_factor": 0.8,
      "grain_id": 15,
      "score": 0.8474903106689453
    }
  ],
  "discarded": [],
  "geometry_errors": []
}