{
  "detector_source": "AI_SERVICES/src/rice_ai/vision/container_detector.py",
  "required_scale_ratio_to_turn_450_into_800_if_other_terms_fixed": 1.2114137285547597,
  "required_scale_overestimate_pct": 21.14137285547597,
  "randomness_source_audit": {
    "contains_np_random": false,
    "contains_python_random_import": false,
    "contains_ransac": false,
    "contains_hough": true,
    "interpretation": "No stochastic RNG/RANSAC path found; OpenCV Hough/contour path is deterministic for fixed input in this test."
  },
  "repeatability": {
    "sample_id": "M001a",
    "runs": [
      {
        "sample_id": "M001a",
        "run": 1,
        "image_filename": "M001A.jpg",
        "actual_count": 85.0,
        "historical_pixels_per_mm": 37.15,
        "current_pixels_per_mm": 37.153387803297775,
        "current_inner_diameter_px": 661,
        "detect_type": "geometric_concentric_rim",
        "scale_ratio_current_over_historical": 1.000091192551757,
        "conditional_geometry_count_multiplier_ratio_cubed": 1.000273602604274,
        "conditional_pct_of_450_to_800_excess": 0.035177477692371895,
        "elapsed_seconds": 0.8504331999574788
      },
      {
        "sample_id": "M001a",
        "run": 2,
        "image_filename": "M001A.jpg",
        "actual_count": 85.0,
        "historical_pixels_per_mm": 37.15,
        "current_pixels_per_mm": 37.153387803297775,
        "current_inner_diameter_px": 661,
        "detect_type": "geometric_concentric_rim",
        "scale_ratio_current_over_historical": 1.000091192551757,
        "conditional_geometry_count_multiplier_ratio_cubed": 1.000273602604274,
        "conditional_pct_of_450_to_800_excess": 0.035177477692371895,
        "elapsed_seconds": 1.4406757000251673
      },
      {
        "sample_id": "M001a",
        "run": 3,
        "image_filename": "M001A.jpg",
        "actual_count": 85.0,
        "historical_pixels_per_mm": 37.15,
        "current_pixels_per_mm": 37.153387803297775,
        "current_inner_diameter_px": 661,
        "detect_type": "geometric_concentric_rim",
        "scale_ratio_current_over_historical": 1.000091192551757,
        "conditional_geometry_count_multiplier_ratio_cubed": 1.000273602604274,
        "conditional_pct_of_450_to_800_excess": 0.035177477692371895,
        "elapsed_seconds": 2.0926999000366777
      },
      {
        "sample_id": "M001a",
        "run": 4,
        "image_filename": "M001A.jpg",
        "actual_count": 85.0,
        "historical_pixels_per_mm": 37.15,
        "current_pixels_per_mm": 37.153387803297775,
        "current_inner_diameter_px": 661,
        "detect_type": "geometric_concentric_rim",
        "scale_ratio_current_over_historical": 1.000091192551757,
        "conditional_geometry_count_multiplier_ratio_cubed": 1.000273602604274,
        "conditional_pct_of_450_to_800_excess": 0.035177477692371895,
        "elapsed_seconds": 2.658959199965466
      },
      {
        "sample_id": "M001a",
        "run": 5,
        "image_filename": "M001A.jpg",
        "actual_count": 85.0,
        "historical_pixels_per_mm": 37.15,
        "current_pixels_per_mm": 37.153387803297775,
        "current_inner_diameter_px": 661,
        "detect_type": "geometric_concentric_rim",
        "scale_ratio_current_over_historical": 1.000091192551757,
        "conditional_geometry_count_multiplier_ratio_cubed": 1.000273602604274,
        "conditional_pct_of_450_to_800_excess": 0.035177477692371895,
        "elapsed_seconds": 1.7397301999735646
      }
    ],
    "min": 37.153387803297775,
    "max": 37.153387803297775,
    "range": 0.0,
    "std_population": 0.0,
    "all_exactly_equal": true
  },
  "samples": [
    {
      "sample_id": "M001a",
      "run": 1,
      "image_filename": "M001A.jpg",
      "actual_count": 85.0,
      "historical_pixels_per_mm": 37.15,
      "current_pixels_per_mm": 37.153387803297775,
      "current_inner_diameter_px": 661,
      "detect_type": "geometric_concentric_rim",
      "scale_ratio_current_over_historical": 1.000091192551757,
      "conditional_geometry_count_multiplier_ratio_cubed": 1.000273602604274,
      "conditional_pct_of_450_to_800_excess": 0.035177477692371895,
      "elapsed_seconds": 0.8504331999574788
    },
    {
      "sample_id": "M010a",
      "run": 1,
      "image_filename": "M010A.jpg",
      "actual_count": 60.0,
      "historical_pixels_per_mm": 73.59,
      "current_pixels_per_mm": 73.59102102426382,
      "current_inner_diameter_px": 1310,
      "detect_type": "geometric_concentric_rim",
      "scale_ratio_current_over_historical": 1.000013874497402,
      "conditional_geometry_count_multiplier_ratio_cubed": 1.0000416240697139,
      "conditional_pct_of_450_to_800_excess": 0.005351666106068187,
      "elapsed_seconds": 11.20048769999994
    },
    {
      "sample_id": "M014a",
      "run": 1,
      "image_filename": "M014A.jpg",
      "actual_count": 65.0,
      "historical_pixels_per_mm": 70.71,
      "current_pixels_per_mm": 70.71193988506609,
      "current_inner_diameter_px": 1259,
      "detect_type": "geometric_concentric_rim",
      "scale_ratio_current_over_historical": 1.0000274343807962,
      "conditional_geometry_count_multiplier_ratio_cubed": 1.0000823054003452,
      "conditional_pct_of_450_to_800_excess": 0.01058212290151937,
      "elapsed_seconds": 20.2554704999784
    },
    {
      "sample_id": "M020a",
      "run": 1,
      "image_filename": "M020A.jpg",
      "actual_count": 100.0,
      "historical_pixels_per_mm": 73.55,
      "current_pixels_per_mm": 73.54662381685696,
      "current_inner_diameter_px": 1309,
      "detect_type": "geometric_concentric_rim",
      "scale_ratio_current_over_historical": 0.9999540967621614,
      "conditional_geometry_count_multiplier_ratio_cubed": 0.9998622966077092,
      "conditional_pct_of_450_to_800_excess": -0.017704721865959998,
      "elapsed_seconds": 12.732712400029413
    },
    {
      "sample_id": "M045a",
      "run": 1,
      "image_filename": "M045A.jpg",
      "actual_count": 245.0,
      "historical_pixels_per_mm": 71.82,
      "current_pixels_per_mm": 71.8179203003876,
      "current_inner_diameter_px": 1637,
      "detect_type": "geometric_concentric_rim",
      "scale_ratio_current_over_historical": 0.9999710428903872,
      "conditional_geometry_count_multiplier_ratio_cubed": 0.9999131311866799,
      "conditional_pct_of_450_to_800_excess": -0.011168847426869442,
      "elapsed_seconds": 13.548833700013347
    },
    {
      "sample_id": "M056a",
      "run": 1,
      "image_filename": "M056A.jpg",
      "actual_count": 300.0,
      "historical_pixels_per_mm": 70.31,
      "current_pixels_per_mm": 70.30598012051841,
      "current_inner_diameter_px": 1603,
      "detect_type": "geometric_concentric_rim",
      "scale_ratio_current_over_historical": 0.9999428263478654,
      "conditional_geometry_count_multiplier_ratio_cubed": 0.9998284888498886,
      "conditional_pct_of_450_to_800_excess": -0.022051433585748965,
      "elapsed_seconds": 12.149622799945064
    }
  ],
  "caveat": "Current/historical scale ratio is not current/ground-truth scale. Contribution percentages are sensitivity calculations conditional on historical scale being correct and segmentation pixel volumes remaining fixed."
}